
Testing MTN Premium...
  [service_type] Result: {"message":"failure","statusCode":"EXC011","details":"Service could not be found - Invalid service ID"}
  [requestType] Result: {"message":"failure","statusCode":"EXC006","details":"Carpaddy is currently unavailable"}

Testing Airtel Premium...
  [service_type] Result: {"message":"failure","statusCode":"EXC011","details":"Service could not be found - Invalid service ID"}
  [requestType] Result: {"message":"failure","statusCode":"EXC006","details":"MMVehicleInsurance is currently unavailable"}

Testing Glo Premium...
  [service_type] Result: {"message":"failure","statusCode":"EXC011","details":"Service could not be found - Invalid service ID"}
  [requestType] Result: {"message":"failure","statusCode":"EXC006","details":"Cornerstone is currently unavailable"}

Testing 9mobile Standard(ABD)...
  [service_type] Result: {"message":"failure","statusCode":"EXC011","details":"Service could not be found - Invalid service ID"}
  [requestType] Result: {"message":"failure","statusCode":"EXC011","details":"Service could not be found - Invalid service ID"}

Testing 9mobile Premium(BAC)...
  [service_type] Result: {"message":"failure","statusCode":"EXC006","details":"Service is currently unavailable."}
  [requestType] Result: {"message":"success","statusCode":"200","details":{"trans_id":"T2190888","service":"9mobileVtu","status":"Approved","details":{"amount":100,"phoneNumber":"08031234567","message":"SUCCESS : You have  topped up  100.00 NGN to 08031234567."},"wallet_balance":499706}}
